// Jest Snapshot v1, https://goo.gl/fbAQLP

exports[`MaterialUIPage snapshot 1`] = `
<div
  className="MuiPaper-root makeStyles-paper-1 MuiPaper-elevation1 MuiPaper-rounded"
>
  <button
    className="MuiButtonBase-root MuiButton-root MuiButton-contained makeStyles-button-2 MuiButton-containedPrimary"
    disabled={false}
    onBlur={[Function]}
    onClick={[Function]}
    onDragLeave={[Function]}
    onFocus={[Function]}
    onKeyDown={[Function]}
    onKeyUp={[Function]}
    onMouseDown={[Function]}
    onMouseLeave={[Function]}
    onMouseUp={[Function]}
    onTouchEnd={[Function]}
    onTouchMove={[Function]}
    onTouchStart={[Function]}
    tabIndex={0}
    type="button"
  >
    <span
      className="MuiButton-label"
    >
      Hide
    </span>
  </button>
  <h2
    className="MuiTypography-root MuiTypography-h1"
  >
    MaterialUIPage
  </h2>
</div>
`;
